c:\users\ffgg9\source\repos\kpoforms\kpoforms\x64\debug\vc143.pdb
c:\users\ffgg9\source\repos\kpoforms\kpoforms\x64\debug\.netframework,version=v4.8.assemblyattributes.obj
c:\users\ffgg9\source\repos\kpoforms\kpoforms\x64\debug\transvariables.obj
c:\users\ffgg9\source\repos\kpoforms\kpoforms\x64\debug\nativeinterop.obj
c:\users\ffgg9\source\repos\kpoforms\kpoforms\x64\debug\serverconnectform.obj
c:\users\ffgg9\source\repos\kpoforms\kpoforms\x64\debug\myform.obj
c:\users\ffgg9\source\repos\kpoforms\kpoforms\x64\debug\loginform.obj
c:\users\ffgg9\source\repos\kpoforms\kpoforms\x64\debug\main.obj
c:\users\ffgg9\source\repos\kpoforms\x64\debug\kpoforms.exe
c:\users\ffgg9\source\repos\kpoforms\x64\debug\kpoforms.pdb
c:\users\ffgg9\source\repos\kpoforms\kpoforms\x64\debug\program.obj
c:\users\ffgg9\source\repos\kpoforms\kpoforms\x64\debug\kpoforms.tlog\cl.command.1.tlog
c:\users\ffgg9\source\repos\kpoforms\kpoforms\x64\debug\kpoforms.tlog\cl.items.tlog
c:\users\ffgg9\source\repos\kpoforms\kpoforms\x64\debug\kpoforms.tlog\cl.read.1.tlog
c:\users\ffgg9\source\repos\kpoforms\kpoforms\x64\debug\kpoforms.tlog\cl.write.1.tlog
c:\users\ffgg9\source\repos\kpoforms\kpoforms\x64\debug\kpoforms.tlog\link.command.1.tlog
c:\users\ffgg9\source\repos\kpoforms\kpoforms\x64\debug\kpoforms.tlog\link.read.1.tlog
c:\users\ffgg9\source\repos\kpoforms\kpoforms\x64\debug\kpoforms.tlog\link.secondary.1.tlog
c:\users\ffgg9\source\repos\kpoforms\kpoforms\x64\debug\kpoforms.tlog\link.write.1.tlog
c:\users\ffgg9\source\repos\kpoforms\kpoforms\x64\debug\kpoforms.tlog\metagen.read.1.tlog
c:\users\ffgg9\source\repos\kpoforms\kpoforms\x64\debug\kpoforms.tlog\metagen.write.1.tlog
c:\users\ffgg9\source\repos\kpoforms\kpoforms\x64\debug\kpoforms.tlog\resgen.command.1.tlog
c:\users\ffgg9\source\repos\kpoforms\kpoforms\x64\debug\kpoforms.tlog\resgen.read.1.tlog
c:\users\ffgg9\source\repos\kpoforms\kpoforms\x64\debug\kpoforms.tlog\resgen.write.1.tlog
