c:\users\ffgg9\source\repos\kpoforms\kpoforms\x64\release\vc143.pdb
c:\users\ffgg9\source\repos\kpoforms\kpoforms\x64\release\.netframework,version=v4.8.assemblyattributes.obj
c:\users\ffgg9\source\repos\kpoforms\kpoforms\x64\release\transvariables.obj
c:\users\ffgg9\source\repos\kpoforms\kpoforms\x64\release\nativeinterop.obj
c:\users\ffgg9\source\repos\kpoforms\kpoforms\x64\release\serverconnectform.obj
c:\users\ffgg9\source\repos\kpoforms\kpoforms\x64\release\program.obj
c:\users\ffgg9\source\repos\kpoforms\kpoforms\x64\release\myform.obj
c:\users\ffgg9\source\repos\kpoforms\kpoforms\x64\release\loginform.obj
c:\users\ffgg9\source\repos\kpoforms\x64\release\kpoforms.exe
c:\users\ffgg9\source\repos\kpoforms\x64\release\kpoforms.pdb
c:\users\ffgg9\source\repos\kpoforms\kpoforms\x64\release\kpoforms.tlog\cl.command.1.tlog
c:\users\ffgg9\source\repos\kpoforms\kpoforms\x64\release\kpoforms.tlog\cl.items.tlog
c:\users\ffgg9\source\repos\kpoforms\kpoforms\x64\release\kpoforms.tlog\cl.read.1.tlog
c:\users\ffgg9\source\repos\kpoforms\kpoforms\x64\release\kpoforms.tlog\cl.write.1.tlog
c:\users\ffgg9\source\repos\kpoforms\kpoforms\x64\release\kpoforms.tlog\link.command.1.tlog
c:\users\ffgg9\source\repos\kpoforms\kpoforms\x64\release\kpoforms.tlog\link.read.1.tlog
c:\users\ffgg9\source\repos\kpoforms\kpoforms\x64\release\kpoforms.tlog\link.secondary.1.tlog
c:\users\ffgg9\source\repos\kpoforms\kpoforms\x64\release\kpoforms.tlog\link.write.1.tlog
c:\users\ffgg9\source\repos\kpoforms\kpoforms\x64\release\kpoforms.tlog\metagen.read.1.tlog
c:\users\ffgg9\source\repos\kpoforms\kpoforms\x64\release\kpoforms.tlog\metagen.write.1.tlog
c:\users\ffgg9\source\repos\kpoforms\kpoforms\x64\release\kpoforms.tlog\resgen.command.1.tlog
c:\users\ffgg9\source\repos\kpoforms\kpoforms\x64\release\kpoforms.tlog\resgen.read.1.tlog
c:\users\ffgg9\source\repos\kpoforms\kpoforms\x64\release\kpoforms.tlog\resgen.write.1.tlog
